{"ts":"2026-08-04T18:18:17.049Z","event":"worker_registered","details":{"userId":47,"role":"worker"}}
{"ts":"2026-08-04T18:26:17.493Z","event":"logout","details":{"userId":47,"role":"worker","sid":"7fb0645f-d140-4269-ba04-26374abd6b48"}}
{"ts":"2026-08-04T18:27:29.110Z","event":"login_failed","details":{"correo":"neason@gmail.com","attempts":1}}
{"ts":"2026-08-04T18:27:39.431Z","event":"login_failed","details":{"correo":"neason@gmail.com","attempts":2}}
{"ts":"2026-08-04T18:27:53.036Z","event":"client_registered","details":{"userId":50,"role":"client"}}
{"ts":"2026-08-04T18:33:46.415Z","event":"account_deleted","details":{"userId":50,"role":"client","tipo":"eliminacion_logica"}}
{"ts":"2026-08-05T01:56:09.329Z","event":"login_failed","details":{"correo":"nelsonleningf@gmail.com","attempts":1}}
{"ts":"2026-08-05T01:56:09.349Z","event":"login_failed","details":{"correo":"nelsonleningf@gmail.com","attempts":2}}
{"ts":"2026-08-05T01:56:09.352Z","event":"login_locked","details":{"correo":"nelsonleningf@gmail.com","attempts":3}}
{"ts":"2026-08-05T01:56:09.353Z","event":"login_failed","details":{"correo":"nelsonleningf@gmail.com","attempts":3}}
{"ts":"2026-08-05T01:56:09.357Z","event":"login_locked","details":{"correo":"nelsonleningf@gmail.com","attempts":4}}
{"ts":"2026-08-05T01:56:09.358Z","event":"login_failed","details":{"correo":"nelsonleningf@gmail.com","attempts":4}}
{"ts":"2026-08-05T01:56:09.361Z","event":"login_locked","details":{"correo":"nelsonleningf@gmail.com","attempts":5}}
{"ts":"2026-08-05T01:56:09.363Z","event":"login_failed","details":{"correo":"nelsonleningf@gmail.com","attempts":5}}
{"ts":"2026-08-05T01:56:09.365Z","event":"login_locked","details":{"correo":"nelsonleningf@gmail.com","attempts":6}}
{"ts":"2026-08-05T01:56:09.367Z","event":"login_failed","details":{"correo":"nelsonleningf@gmail.com","attempts":6}}
{"ts":"2026-08-05T01:56:42.555Z","event":"login_blocked","details":{"correo":"nelsonleningf@gmail.com","waitSec":267}}
{"ts":"2026-08-05T01:57:43.061Z","event":"login_failed","details":{"correo":"neason@gmail.com","attempts":1}}
{"ts":"2026-08-05T13:14:54.522Z","event":"login_failed","details":{"correo":"negrowan@gmail.com","attempts":1}}
{"ts":"2026-08-05T13:15:15.650Z","event":"login_success","details":{"correo":"negrowan@gmail.com","userId":49,"sid":"01666e65-3c74-400a-ae68-12f25715cd8d"}}
{"ts":"2026-08-05T13:15:34.796Z","event":"account_deleted","details":{"userId":49,"role":"client","tipo":"eliminacion_logica"}}
{"ts":"2026-08-05T14:04:55.448Z","event":"login_failed","details":{"correo":"neslsonleningf@gmail.com","attempts":1}}
{"ts":"2026-08-05T14:04:59.218Z","event":"login_failed","details":{"correo":"neslsonleningf@gmail.com","attempts":2}}
{"ts":"2026-08-05T14:05:29.607Z","event":"login_locked","details":{"correo":"neslsonleningf@gmail.com","attempts":3}}
{"ts":"2026-08-05T14:05:29.609Z","event":"login_failed","details":{"correo":"neslsonleningf@gmail.com","attempts":3}}
{"ts":"2026-08-05T14:06:23.754Z","event":"login_success","details":{"correo":"gonzaleznelson@gmail.com","userId":39,"sid":"226f9a6e-e924-431d-8021-aa39f11faceb"}}
{"ts":"2026-08-05T14:06:57.397Z","event":"logout","details":{"userId":39,"sid":"226f9a6e-e924-431d-8021-aa39f11faceb"}}
